// Jest Snapshot v1, https://goo.gl/fbAQLP

exports[`Footer Snapshot Footer UI Snapshot 1`] = `
<div
  className="Footer"
>
  <p
    className="Footer-title"
    data-testid="footerTitle"
  >
    Platzi Store
  </p>
  <p
    className="Footer-copy"
  >
    Todos los Izquierdos Reservados
  </p>
</div>
`;
